---
source: crates/clawft-kernel/tests/golden_snapshots.rs
expression: json
---
{
  "from": 0,
  "id": "msg-00000000-0000-0000-0000-000000000004",
  "payload": {
    "Json": {
      "event": "shutdown",
      "reason": "maintenance"
    }
  },
  "target": "Broadcast",
  "timestamp": "2025-01-01T00:00:00Z"
}
