---
source: crates/clawft-kernel/tests/golden_snapshots.rs
expression: json
---
{
  "from": 1,
  "id": "msg-00000000-0000-0000-0000-000000000001",
  "payload": {
    "Text": "hello agent-7"
  },
  "target": {
    "Process": 7
  },
  "timestamp": "2025-01-01T00:00:00Z",
  "trace_id": "trace-abc-123"
}
