---
source: crates/clawft-kernel/tests/golden_snapshots.rs
expression: json
---
{
  "correlation_id": "corr-xyz",
  "from": 3,
  "id": "msg-00000000-0000-0000-0000-000000000002",
  "payload": {
    "ToolCall": {
      "args": {
        "path": "/etc/config"
      },
      "name": "read_file"
    }
  },
  "target": {
    "Service": "file-service"
  },
  "timestamp": "2025-01-01T00:00:00Z",
  "trace_id": "trace-def-456"
}
